JGwq4M2dtrc
__9q24NWKvo
PcRpmOZMyQ8
gjTZTyTHMKc
pJ6cC2BzG48
yn1hL5SKvgU
3srWoHZ9hU8
IglXPVJ98t0
njkfK4iq9N8
xVLdPTHbPTs
IMe03O1uTaw
Phk1-akPtXo
iz3SqzmT27I
FusmL9khm9c
7J0uzyxfnLc
j5Z7wYcSL2U
mmu0bibaFK4
aj6qfggo1MU
knXNA6BTyeY
jf-CwAVgDCw
wgmdN_Td89o
CirZARV53gU
Gr9XSQlThXk
oYzwf68vX4I
f9OZqLU33Ro
mWq7gD-M2TA
KBqOusKpYo8
3GCsypteayA
noufJwi95ks
3263BhBC6V0
veK_kSLIfbU
tv5adZLMeLw
BBpO3tMKfwY
Lbo-iJjRa_I
E7TOwSHN370
Cj5rCMDXxWI
wTBevvIuoHk
lRyfV8qxhQo
5E9bO5ZURcs
uxPdPpi5W4o
N7lXymxsdhw
q3kSW633bsk
S_GVbuddri8
zUyH3XhpLTo
L3HVXjZB7EY
vu21wxmTQLo
UvV-EgSiJvM
jko37occd9w
voKP4NU52sI
7VK7tQXr91w
kBj0By7IarM
3IXb6gb5Ifc
DNQxUCizazs
ESgrKoGfdWA
MH90ULpo5fQ
eeeYBn43ST4
UnbmwxYi18I
rm3IoKdenLE
p81YdBI06mw
2McLmFGini0
kmpMvXM2Ap0
MXpj1vweBpA
sMfQ7hokuac
Iv8LKs2KpIA
9ayb1-4jeBw
_ljfOCiP0XM
LfOmU9xk8RM
pjXCxNqYQeY
aI8JllGtFQo
HfswunKp9gw
O4LdAujiAhU
EUgl2Q2J7ME
Rlc4FKIVp1o
PRDEvPHluaE
SxFtQx6wu-Y
kg1ygK-o6qo
vpWSrD8s0BE
2ClckQzJTlk
Un5-rZxcNn4
y1SiP9kuLU8
R9JBIiuljK4
37Y2qHiTzuE
r29HP2QZx1o
6bGYkjWe3to
R024KARlMUM
cUnyGukvwMA
xYdWh9toLs0
E3KxrlOguIk
fHsa9DqmId8
ovb8dWK49KE
YUjN86T9mi8
H_vyu8JKPXk
nTCHapo8QFM
Xmq3iyW02b8
3RMEoOl80SM
mviUmbrvAP0
Q7EEbTXNU4c
Mp4YKnC71Xw
tlThdr3O5Qo
Ucp0TTmvqOE
wjis5HUE_2Q
jJM-ZKzFn7A
_nX8fJshc0U
w5SC1uIxXhk
Uk2aHGjOdlQ
kzzCFlMTZGU
SKGJyVWRdJM
7sZp0XzHNJ8
ly4S0oi3Yz8
p_di4Zn4wz4
jBsC34PxzoM
brU5yLm9DZM
jsYwFizhncE
ijMDpg7t4wc
g_O8BGdLUGI
Umoy9VDgRtc
dS_CbYx8PGI
utrKgcz0JF4
h4Uu5eyN6VU
zBkVCpbNnkU
p_8yK2kmxoo
JyECrGp-Sw8
H6u0VBqNBQ8
1YSqY6btC0g
zfUqOkgPOjY
iybsIGyW_to
1YHR7FWI7Go
amR6HV05tFg
L79BYTpTPco
PdrP4HsQzZ0
0IO9OjCZGUs
i3CobZOLF4g
LA9PgQ796yo
lvTqbM5Dq4Q
kjraelDMrFQ
Z3IPVWN-1ks
Cfg11qQwPzQ
zBr9YiSwdzM
H4bf_uuMC-g
A0hoqSkyY7o
ptcHHXp1PEU
w68BBPDAWr8
42_lCOayS6s
gt7KgdMgNU4
kfecnPG_Yog
taSaOpU-dew
fCaN18evSjI
xP2lduYHoxo
sWpBFtlIVL8
MPRQMedhJWs
FVh8dhCiqWk
rKlHEv5N1zc
mmdKdiGXWwg
JRuNA2eK7w0
yQE9KAbFhNY
v9M2Ho9I9Qo
L5pUA3LsEaw
V527HCWfBCU
yYJ4UmxGrIk
woqy13ZkeqM
yrYLvaXCokg
PAOzGNFamgQ
htdDaHAhR-s
Q-SI0U4KIUE
vdlYXKxTn50
ohuOmykkFuU
cnOi3tjPCVg
jpFbzALWlIk
IZG_2fzDUfM
038g7kf_Iq8
2lPmeKrAZFY
YUt0WNGPcB8
LiEXnFzPOsE
JT0wx27J9xs
FY_NtO7SIrY
V-1RhQ1uuQ4
1PGm8LslEb4
MUiYglgGbos
OoKpLIdiPeM
F64xcPKKES8
HodWkE0G28M
SdySHadrYAA
N7d_RWyOv20
Z99bsizp4bY
unqsQJaECv0
FRZQ-efABeQ
UCEgC86u7UM
vuZbQOphVAY
TsRS3G8J1xA
j2_dJY_mIys
7t6iOag6kcE
qydaCE4IoAc
UsWveCJABeo
_OsUI_EwPO0
Lw9Uiq6b62w
AF6SiaHU08c
ORo_oKhmUXQ
Po-qj8xqiBI
dvDmuej4mwk
LD8XYdehZbI
Rx67BcnDk9c
0n3UFtiyxwA
qeRxnyx36vU
gyEA0rGrnqc
UTaI1wsicwA
YteT18gV7Fk
tNp9JBTiCRw
MvjZb2mmw8Q
IfV1w1sfm8o
SHSCOvMA49s
WXtkqr539X0
VHLfC82joK0
LtOfRHQ_TQM
d3apVurcRL4
quHfkk--tk4
ghkP5P1onns
GKGuh4FmEE4
wmsATYFaT9Y
ISi10kUecNY
MWhPQP9OVTA
Yx3Xsg6c1P8
KhWtjn8hjOo
yLIBbQVhoDA
y6mQqn2adqc
r6h7AqpNozA
OvTiqsJBJro
X4DJgf5jWr0
DmLMjbQPXGI
INwpzISLqLA
iOMSH6W8gpQ
wvzwrSFMF4E
GiOnaBTV-MY
Q2g1ERlH8LU
eR78mMryky0
ENIq8rDxqas
E25xx40a6zk
WMqSdEuQ4wA
uX9LDHo7XPQ
3XgnYfFi0zQ
yyVU6iBawuE
WqGop-zPu2k
XthUbNKX8Xs
FFhGr8mZtKc
UJO_stDlBGc
HqGk-_89FGQ
_18avidXxqY
rdeSzhRQAL8
-CiLU9-RAGk
cv7Hhq5ddR8
3LbGcNJHLr4
MMJVZ48IRkM
NC_Fi2gtjTI
wwZ5UG1bc2Q
9Q5JPoR0_Zg
HV0wYvLdUdE
1Z08cNtV8A0
MYxftN99-d0
ycZ21hIdH3k
ITm1-rzDNIk
JadfrHfL6j8
fADfyLcHk3A
K8EqMaAdOw8
p4dTl9CI3uU
m7AdKGVyL2U
N67ywmS0qFQ
BNuliOVJ8O8
H7xuC41QBYE
AeJ9q45PfD0
0ksq1CSpuPY
NHWPlcdlGck
We92ltfS3Ag
_mN7Ry5QXfQ
JqtY61iisXQ
HJ0l3G6T9ik
0QUeITNlkT4
KlxzuHlgji4
6RBurQzsUhw
ci06z6GB2j0
ggIUX0SGwVs
vsTImsK6z4Q
wolxZnddVRI
kW4c1fTr0M8
hNMRdJxDRCQ
UWpf4ZSAHBo
ra97L9UQJjg
L8FC31YPlQs
JMEz5JfSzTU
DSWyHLptlvA
O1Jp9zXr-so
aXNu3SwJ34o
NbLj7VzDps4
4nebO1yEQWM
4_-rp6HHCU0
MSHqxdj2Rtg
0B7yBkzxoU8
SXaQ9mttx2g
oYsp7OIMFAs
1UfmJHFm3R4
RXTWhcP1CkM
Lnw30-t-vSM
Vt2OsJIua-w
A0PxdmJ86yA
bsz4uEft-10
On7mOGNWgQc
_WUK7AcgYfA
6sKi6Wy4bD4
CSV5Dm4QqNA
PSHhmU5hIHA
OOctShLpt8w
-q4H1OmyvSg
pOLRS29jwbQ
7WSWlppP178
Z-zkp4CtKio
dswxWgfuZT4
tL4SOHS7MLQ
AvS5fnDaYeE
LbSqFU-vW9I
pYcSTrdDu5g
SWo9y9Dg7MY
97JvTNwQ0xs
Da3AcX0qroU
QNBw1DK9ov8
8pqjlA3uLBw
SKMHsYyfgfo
wqH1F96OBWo
NuS_JLkQbKc
yt9Ma1W_0wI
FGiBHsUkVzU
D-0CH-cMas4
it36Dn8H6Ww
ETLmnREIKX0
YI-f3GqCZa4
8-hndT53A50
06CeYHfFGwk
B6Zr2F-8eo0
isyn__8lC_Q
faNkHukob9U
RQaWaeD9_wA
zlSbiUE_FLA
GdWkapFcMxs
9eCjlsHrirU
VBvxNeH_Yl4
ouAccsTzlGU
kOtsF83Xsa8
dacLFLCHPTU
lP5L9zWy198
GvNfV1xc-Rc
5todjTtrSTE
lKK2iZP-nXs
yalEZJhIU18
rgAgV_mrv1M
zpXEoiOcmLc
nnRtif3_5f4
oVd-90eUbOI
jpeDxHhf070
AdwwF8Wu7k8
BI8m7T5t4sw
r9OQR9_l9Zk
MnUvcud9KTM
TlrNLK6buvU
n8EEJlzADKI
xxujT_ruutQ
KGWRRifvrPI
R0MVHpcx49A
Va5i42D13cI
e3zkGyVEx8I
5qQL0QZG9nQ
XLnW5hpSDek
EIFBFMU32JE
X-uab9qGrVQ
F_nl7jnL9io
N2mZ16tHQZM
UZ0KeEUXLDE
BRYMzaGoIGs
6ii6OIi5aoc
W-gOQWhzPUQ
BZbChKzedEk
xV3svIVLiIc
ywBV6M7VOFU
qtSyyZ4lEco
0KyM3ATGuzA
JehxPoS27nU
g2-JZ-kqCtA
Uy6d0TyeedA
a73cHqVYpV0
TZJ6v9bmFio
CCyTK6I88f8
rcxLvI0FM4g
PjeE8Bc96HY
_koVM8D_7sw
uU2RRNYYEZI
4NvUr4x2oEI
JCAKGgwanb8
KJ7bvbTY4O8
NFlREzLSPuc
XFr8jtdyWzg
CP-PU_GjQFw
7QhQWxzO_b4
oX1VAnf06wY
lwM7P8rDjBs
_bVx4E0wlPc
9WjtlMbb2Ck
QJP2QNEjD9I
DANwXGGfe4k
mJXOlJBWcaI
x8dTe_-NkFg
4PGTYyO3rug
ToIXSwZ1pJU
xeuWQf41NV4
D4rtAChaXSE
6xJo490fDqo
gKqvMP3Iqyk
OTrn4o0kCu4
SYm5XxpGVeA
EJNgjQejgsk
epoaH4u4AZU
JiAmk-jh-4U
QnVkWnE1Kfg
SQv6x8w7zcM
2dlxOygPTJQ
CVWBIDRcFq0
fhbbHk5jExs
_1EQj-aVA9s
_NXygBprD-M
Xpc4-rZi4DE
NYsQ0zr9sg4
Zo9UYF4zaXc
F9-ck8kiHO4
oR41sN8RjoI
BHatP4Co8m4
w0m6TEqbOq0
ISUaWrOooiE
YdqHa7Gfrbg
0-Qe60GzluI
oGoiX16N7sQ
aZccP9_Qr7U
XK2iWMwDbGU
0-WOVk9quTw
L4IMWwu-s1U
Jkn9_yr-Y7I
y_nYr4ewuGc
BJBp1QIzaJo
RnR-tfpSn0A
-V8rg7tUJ0A
XT6TSO2YMiE
BLgNYuQWnbs
6TgEAE0GNkQ
OTMELHUAzSM
OFgMCXYWVzg
3gkWYGW37Pg
uuEYxptbIQc
fOyNzZvFCk4
pKgGothVOIg
OuMgdKDLc5o
S2qLB5JxCvE
jlMOXCwsMb4
1_YkgvtGqc8
2olgPmHY-84
R5TqCLvlX1M
ZcU2ToPwTSk
pUwVZUOSTvk
C66vb3F8v80
SOEnD_0-unU
3qObOBv3IFg
7NtNhYjOXN0
5mP6PSgCiaI
xylDIHUokSY
zlhLxXD5ERw
0MewrEcqIRE
ovs1R47Cp-o
xD88Qs_DZp4
yMNWH3Io-0M
Wea7Gc-b0EA
Hip5c0CtJZQ
f0uSjuLC55s
GcdB5bFwio4
5whWs_k9BHk
ZOgvNJe28WI
kBbZHoAtNk8
aXCxY21e3ho
_zcBhZ9akME
l-LmdeQW7Ro
ekOeC4cz7ew
UYs2RvZHnXg
AQ9ds9y6bcg
i_72p71pChg
1Jgt3sXjRX8
5JkRYnxwwDo
vpbiaDO5Mb8
JLB73io82qg
I7yqSCe3khw
Yz6d_gAeivY
XTaLYS1PuGc
2yxCk_2yU4o
jwkATlUM6uo
DAVunun5pV0
psummVmqlBo
9DvkVVwLAIw
S-7LD8uGf1c
AuWRCtDBB9s
K9U1AiyidA4
zI92GpwzSHg
W_1sLSrcM7o
GTL9vSyLYf4
M4eBU90G_g8
LnpbuJ2R6ck
qGt95AlCxOk
PNn6oWUoc4U
CGsWTbEDruA
Bo6DCUBfWYk
Tdd9_SjM1kw
Eeo8asTySvc
zJgzGKSUS7c
hK2tkDyS2EM
Oh8iySxeYO8
rURRYI66E54
r1r7TgIHI_Y
LDXjeV6HDBI
WzWiyMkmlZQ
NNxBvSk2ig8
Fb17YQOAUAo
zEr3SfLDkWI
0OwF14DOOPg
d9B2b5o8D4c
HQHFANGxLe8
8Hub882dob4
U42CdZbgDgI
2T_F4RlAQfI
OVNqa4pkmYg
jtp71NT0GNg
EQ9Swfer9lI
jLQdUJiLsy8
KK3xSMWtcjA
m69SZvtYk9g
-YvJDLdDdF0
aujCoIqkB5Y
D-vKbMqM_-U
pjE_Y_Ct85s
C9nPKnJwC9I
bip8dnYBS0Y
2pILGpf0EAI
B19nlhbA7-E
A5NK9eSn4Iw
tlLhRxQg43c
hsyXOE2EKwo
cQ_D2x5uUkc
onGdQ2cpYdc
L5QZLKOaf0U
nSfsVG2hUqA
wAq8j5HeBsk
IDWyFa-YzT0
ayUWNCwQAtg
wSPtwcsYECw
ivuNjAYVxX0
zfCa53hRYMs
_V_-62BVw54
r6sGWTCMz2k
2PWfLePhano
epkBko35Amg
lr29bFc79pk
ZKnPy9bS1Gk
JkHAhhJIoQA
NREjvypM5Gk
HFquZ5chcM0
DGEfUVLAVtk
c4mMRzC_Do4
OJviNb9Ros8
s3jeWvqUHIU
hhMv8AxHXy8
HLaKn18TFTM
uUcXtpuzS2w
TapVcZawoPQ
fvQ5Rj1isrw
FXmDNUfGRqU
eFNsN-5eaOw
g2MSN-YLW9k
VX5e9cUCmKU
MtSq0m27jH4
-BsCZ8PRk6g
a9lgGmUZX74
-4DHiKqpNVI
1-jTW9BwAOc
-qgreAUpPwM
hmB4fd8BRQg
EDUA7tOkaWo
dEIT-nUUTsE
60L3eKvLbWU
dRW_5KfiOyA
vV6MwoDYwWw
89A4jGvaaKk
PGIslUtocxU
Iu_7V2gaYZk
Etiv1QTZ5_I
AFisyvX5uIs
UVERqfD8Gh8
kVL_uLu9bD4
NW9Y7rUkj2Q
GWDJiTjOeTk
IkYgs-AN_Fg
o4I6ZVhv9o8
eWSbI3rpGmo
a_uuPNOnAzE
id4RLbRTHzM
_IFQglAkpdc
Dm6-JZGKjXA
4trU6mVUn0Y
BtCNBh0AsWM
kHDq3NF6jw0
v0YEaeIClKY
FfgT6zx4k3Q
jyJjNGYxw0M
PeJZUSOsvxM
kDAEu5ScjN0
RI16dMyPZh4
VPoH6yGr4xA
OIcyjoo71Jo
TM9Awe5lSrA
B2ls3FhiJOQ
14uDDAQdh_Y
tIFfSjrEAP0
4OTdbLXJG50
JAzkOqzyrgk
V5zm1OxI3wo
TtCSKyDWbz0
2tp3UVUcams
LkJbvIpUxJg
ek0yyL8iV7I
1opLSwlqBSI
KtRLF6rAkyo
TJdH6rPA-TI
8k56bvhXw4s
QxZ_iPldGtI
ULVLJMtUWc0
mznjBgMnmn0
itddowappks
eaV7tCKer-M
29gTLlPjGVE
hnjlHw8XRKw
9LuLg90d7is
JIZR1XW8EwY
o9STgQHMdLY
rTARTj3-nog
rk2hciUTNZY
QG06SwI-Y2o
4YB2wx2RXWE
58rbrwvg588
a44iLw_zScM
QEY9tEWmdgI
gFZQPkYe8gQ
tLdO2mib_Hg
noSVboOw3yI
zfqpYDVhXd8
vkONqj_YlqQ
6dDP5MTborM
uAENq9Vr3KQ
NeY0DoFi-R0
qN0EvRynVhk
oUEe6E_ILJI
EVRA_xDhAo4
2fX0oqgdpb0
fx-kXQ0rWkY
5_qCdIICRVU
jtY8EFASDOI
b3RAVyXJlZ0
onTdRQir2Kg
yaIbl8KyHDI
p6puImP8kjU
26uJHgh8PqA
U9ilJEJLdOU
6n6iXua1AyE
7-MFRr7LRjo
xcFy87XQJRA
QQHbtllR_2o
K4cUVEFbAco
OpDrHvNo2Qo
IFJdQ37-Dz4
5lTuFgzw1X8
ayC2jSvyaNk
eKO3TUds2Jo
VvcOfUrHS5U
yz9HyI579Ws
LQNZL_r42h0
gTs-h1Ugpe0
9qJ5YAxDb6c
eaCGWmXu80Y
Gh94EMkwh5k
kpIUzYf7Xx8
RYAoBRtME7Q
p-6F4rhRYLQ
weZ31GzoxRk
RtjTjmroSkU
hyMW0eeRv8U
qlo38b3sE3Y
IZN8FxM_6rk
mionXLO2kIQ
MNbqjLqK0Nc
jCvaqHGUVug
QhYPbysdS50
FbKyFBhmYBE
gvqTwpqFTmk
E7uGvsT_nnM
t2OfgDC8anY
ChvAV3I0DXM
ViXmndARCZI
001mNAQUp_Y
W7ULS4UFLnE
oqaoDsfUcM0
uxXNNEdz12g
TC0oN8aPYzw
1YHgAGTuI4k
nXSZ7OH-qaQ
0DlLHKejdsQ
lJf2i87jgFA
p9QTNifiJ2w
mQtzSZ5lOKQ
8lADiEzy_mE
ovzNjuyR5bk
cIDbGciJY_E
sDqkSLlRgKg
pxyLMsaysN4
weTiif3vXJ0
tSEfiPm_YRE
5wElhkdFhEg
lWJzfunvfkE
uzDDpbtCIC8
ZCdsTijOj84
UKECKqrqaC0
F-haHBlN-Ic
d2vqXRNiRoc
LP_4sS117iw
yF_JgoGxZU0
0Pwog-P2ajQ
YFZPyZNB_XE
BDcXlC7mR7Y
P7L4x7dXAMM
HrzPoGPzUCs
zUAUAm1znJc
RzsJUUwKjgI
jLCjT9l83KI
PkyksYOyi7I
ebsEkS_Obmo
93ZDmOQVn1k
Os4Om9Oyg1s
KZhKuJmPZd0
qlw-p12xtLM
gKpcR4MEQmQ
q1DYEpOU_Yc
PoBAHyjsFlk
BSypUV6QUNw
F_gK5bkQH84
AJxLtdur5fc
SR1SsJ4zKGg
0EiuVMYAOPs
ZMX1l423xnI
KxvTmF8X9xs
yid2X7wQBKs
0302KcgoTPQ
plau5rw1Kd8
Nk0MRxXqo9s
Gc8_pN7EiRE
sS_yp09LnH0
gKS43JEZAd0
si_6RNHiJag
DbRwahaCXMQ
oBeSsW0cuZU
fErUu217Pu0
hlQ3C4i7sfE
lcWSrIiR1tY
SlgrxVuP5jk
B9eYCGOlr5Y
WxH4CAlhtiQ
8A2nJd9Urk8
riBaVeDTEWI
Ml8C0OS9YMI
MoVl6LnqMCQ
eNAo8sPevxU
or_Va-hCY4M
ZKcgt8S640Y
t__VQuqId2I
xZ7Kj38rBs4
vFBVM_Kfqbc
5I6jqIaeJkE
5IJf3Jc_Ch8
tJf0h9T4rAc
0RApKeMGDnE
T-lBMrjZ3_0
DgAIbH_Y3Hg
Pyx8xphGNB8
T7fTwpov8BM
DWvN786izYA
7ul9rgVIpak
3y2c_AeSdjI
RDKhHLmLKgI
CVGteaQALF8
GATuMWAFBUA
CyhuL4zYK78
iaH9qn9CFwc
3zW7dIRHIX8
MXalvLk0Nfg
0NrRds7G9qE
I1P8Km_v9Ow
D7cNiN4OXdI
39EY_muGnM8
VLB3dXjSCvM
-C1ovPrY7vs
dzlZrGYFLQc
bHxJ2nxAICI
Dh8Yd0mQnB8
hLLcvzFbBZ4
kn0RIElGP2U
uq4DqvJXj0g
M64HUIJFTZM
qjkqN4yQ-K4
xGq95XPjgsE
EAKomUtx-WY
OydxxcSFhSA
BB2-qfNxBQI
8XH8QP7-UxA
runFkq-QlQ0
JMjcjEQK5LA
gZBv2-Ft_lQ
QeCCj5rtAqw
XIdr24jQtGI
gauUb1d_mTQ
NNDvhFbMD0s
gT9TjnyD-GE
IMgbOVwjSGk
MB0yDMQj1lU
ilBNMg0NkBY
_FPWAnjhRNc
DPfo2j0Y25s
BuvSFE5ENq8
dI-JW2UIAG0
egLVsHxlQVg
Crwe3US6H10
l_9EuEC2f6A
da5F5hmLJ0Q
JTHm9-usNT8
eAmugyRnyIU
fZh82-WcCuo
XeywuBSH1DQ
K_S_vcf_sqs
TTrE3qD_tMU
gTbKBg_evqA
s6_1kv2IOoM
a08_00Kic9U
PvCQfpe7oXs
t3S_KnZIbHI
jS5nwtt8Ppg
-_PXVLnWtDM
GhsZUZmJvaM
4wr_tFWmGiw
MPkD6Ufovak
KGqI3oaMT2M
1IMJKMM2drM
0eEoP-tt0rE
7_e0CA_nhaE
sbl5P6kyX-w
4SvPfedMbCk
-vooOAm6CLU
Etyv1ncrgnk
w_2zaxMyoO8
epVlp7itOvA
PBHTVODrivM
uFo5zsB3Jrw
1hXkbjTd1O0
urASuiB_uvg
nb4UGT23aMg
gdVvNLwXLio
Q2E2hu7gbGI
lYMv8AnSrAM
Jj9NwlPq2qE
oMIU5McLW-0
NoKi15Cn_-I
gSfCOZftEqw
3ZJfVzpoKp4
XwPapD5p8q0
DLjzI5dX8jc
1yoOVGu5GTI
_pU9nYa8p04
Nr6DHQsLVqI
0svuPzR56E8
hpTdN4cWJUc
75jiDSA_b00
ubbTfzGpNe4
rPwg9hOlK_g
2jeqBJV8dCk
aTqtGIzC_Is
7ns-Pf-SaWY
YinL4dfVwSI
u3EMRmmRigs
KtzBMusivnE
-mL-NVWZ0JQ
LHn1QnBqQq8
oAnhDpZvEwE
ZlGckW68r-M
r8QKh_E1C6I
Jx-41JjGfhU
y68M995pDuI
W_bv8p-aC_8
dCXkaQa53QQ
azbSzuJ4L2k
yvG25b23vqE
R2Fa2DxFHxM
9jKCERMa_-0
QDfRM-JcfE4
jg5HQAm_CTs
PXFtQvPbZv0
ks_ErriAxh4
zDdKFVxO2rI
yOe6HI63dvk
0uqZZUoZMoE
F8RZDPEEzFQ
_V-Z3W49swA
dN7IrKzBFiE
0lb2LRam5js
4v6AkogI00M
_zxHPM8YZt4
Z2EN4ZJeFR8
o0dYRzPVVY4
YBEh5d0Ys3g
A7hg4iCUjbI
rPHdCfnFq8I
BhYt9k18o6c
ImBtUpXhi2c
0irKV1spZYc
3yyno9AYrx8
TiL6Yu5i70s
e-lZa4qgxmM
IUPxy9GleI0
FbvRA_dNZQo
J-w672d790c
wSbnIYEr55Q
rqhYb8-r2j0
9wRknbX8d-M
qCKxLGbBL2E
Cc3hbq6nOc4
pjLiG1OW0tE
ghOVq19Ttyk
b69XRMslFU4
0lY2HbSEufQ
MgsnMz_Eo9w
KXAMAgus8jU
X5hifnP1GQI
RkZRQqwI5wA
vhP4Efy-d0I
ivUDg50UMDU
LgIJ-JoCXMw
Rb10bfzwASE
sqiIaCgs7og
9UyUsklQm_s
XffbdFh7CZ0
Vxz6nNqpDCk
uuumv_LJnYw
Ao4jwLwT36M
DjcS1kRkc6M
fYhT2-Bfm6s
2RLLR6scZOw
rI_wY8wLoY4
oyy4ovu7zrY
FAgoJNkpPkg
YpXubU4UvDU
MUUa73AKuDM
xjr5vH3beL0
gWYODOjk6Eg
iaG5SO9Vkl4
TQsHZPxE9eA
dq5D9CkGos4
mnFOh6NcdaU
N81zvLtdM6w
ZwEmyWPSltI
gudARWcXXAA
VAsCxX4LIl0
mcMi_no30fg
GkQ49J_5Sd4
F4UGeKGe1Ao
rmXXowoZVFc
gtkzEfh9YZg
33QdRiTQ92o
s6AT2vHenJM
PiD6b46GXLQ
xMtf4BmQAr4
r0HjpkWqZNs
tP8phi1L3MU
bYb3bfA6_sQ
VLNgdQRDszU
n4k1Bfb-a7c
pXnLmcXzbL0
mAxD9eT5ptc
4Vi3qoyqdGs
8PtJfZ2tFUM
2_hg1CeW-No
yaEcOi_KRdA
lx6cm1rNDLM
g7ygAhdVZCY
1vdIkFwLwr8
jTPBcE0Y_d4
DT-18VxbSd4
XDme-1Z9gb8
pZG9JUPkdXs
gA_ubH7pcKU
u-6bppC1eNg
dp17EpTJ7KQ
eFulTTaPP2E
V9z7FTRRK-U
Xr4yon0x3R8
K8Xj8qeqS58
wMf4ZoAA4nI
r8xfzeD0ZK4
rervzX0LIrk
jaiPrvjR1dQ
uSzQPAzOoYg
qRlB294kWxg
OAfFKZX0KtE
hoE0ZXM66jg
qnOoDE9rj6w
pVXeAsIj4tA
DRf3lgfhevs
9M_LAriw0bM
4gibcRfp4zA
B-Y5r3DOGvE
h6fcK_fRYaI
K8bTuSHGd0c
8tcmPD03l2c
y4HH3TJ9eJM
c_HOrrtGtZA
8EDULjLtiHk
-5h46vWuGLE
7qa7iVbKUhY
50RaeYLEODs
NF4IQ-sr7vs
aN7KqSs8O0c
Ca2AUapik_4
E2mTnEbU1SU
MGcWuterq6s
AFlxjy-T2og
qA0LGEMsKFU
A6NcPrm4g74
QNLGfIlsaFk
a7fL6wbFizU
qmkaGCB3ltA
IquufaqHoGc
gSfl_aCfmMI
qD6m1TUrfG8
IEngxwOEJcQ
62gQnaEtweE
EfZaGUlI-Io
n6gjYLOHSqA
79NSdnxToPo
gWwQSQW3YCI
7vqxkG0Ag2c
J8rkBxMPsiw
LP22Qfec_44
3rMr0YLjjZI
OtdqAycPSAo
sFCcrAzoedU
fGtHkgOPASo
UV4p2LZ0cfU
fi-D4Iu_d5g
-XmFK5ka4po
oBHtyHizeKY
gaXor3ccqfY
khZmte3mREY
4ag4T81FHa4
jJIi26tpdBU
KhPczErIjm0
g2vAVMb2PWk
dNsjGSVtPpg
rOrF2VR10fk
lWadqq2-gng
YG8OcnI054c
KGKsYZC5Se4
8nOVovjeLAs
qk7WMXKR8Hg
uaBOF4HCQpc
9kp0yUA-KgQ
JN3uU88eXK4
5C4qIFjBhNM
bW4eDPxjI1A
AG4HP-A9TlY
Npj0rgV7NBs
6n3wxgZgj0I
ixobPKj4-o8
__KXrgfh7QA
HM0mB-_rR4Q
4Yo8Lh8G8Jk
NMeMpp-MxWU
jv8iJyyLm_E
zzkaLP9EkIA
pyo_SyUq5pQ
mnFKUZfnFnM
InvbQPhopB4
xGqSdskLiM4
fljGopzlmqo
EaUvBfPGNjM
KRgjAfj0MCA
avuPusPdJZw
Xbv5enq9n1s
6wLzkYnTPPI
UWuzgOc0xDU
blFVNb6BiMU
Av4SocIQ0Iw
mNMHc2JQ99M
yrKJ5kv07Ak
0HnIfAueXxU
NUcZTkrdLZw
6eDsAAkH7Mg
gHoa2CJPowE
6hmdmYRYt9A
_xDIm_IpyxY
wydnEhxHQxA
cXj0mKghP4I
4maRo8D_IvE
dkvxD66BCAc
X8CvVazI0zg
pT19VwBAqKA
pP_zIJSp3WA
LBLl5i0fdEY
x4klPJSX1kw
e_lhfFKF-G0
FvTCdtRA1Y8
T0vnFIpAQRk
EHl6QdbwgCk
pe83T9hISoY
mlJAkIvWEHw
FMg1xInEwcM
r-BTN8Ajs04
6-yI9pZ0-tc
2nVSWTovVLY
p4XdHKZAUGk
veSluyb3AHI
tOO0Oa_4AhU
iJVkVVORGS4
clx7fwK3XxE
AU-rPS50l2M
_DkKGrpCVaA
52XJjl7UfVM
j2teS6r8Vhk
fZGzT7qGDiA
PaErPyEnDvk
H5MZwlc23B8
a8FomMafluw
66KEVC8Y4y4
qmgAA8yjQQU
WyzYwu8tnG8
3Pr93XHJTCM
U_SWaVsCzWw
o2uBXyrHVeE
s4Qgynz74uA
4obeYEfWnlY
TgZ8w7ku5hg
IpcfAoq0boU
RzPRZ5P5gBI
UMMhF85FmTw
0gGq0l5erYU
oYikRgFFeTk
eWN_lN1lO3I
EDTAtqlfGOc
Cs-VXQRZrwo
LeZebfd7MDQ
nUevZBn5GEY
BrxhUXrXE5s
9vmQiGb3Vok
6sAVmP5k5zI
4j5qtOldG6o
QwOA8KkBinI
EZf-_1flw9c
B8YKXO3iWSM
FWV3eC3Dr1Y
wxsh3dzbPsc
DKmBRl8j3Ak
eYg1HoYxsiU
zBtovkCSXvI
Vd6Ofhfh6qk
P0JIU7OnvSM
EkB1c1ejTss
TrpVtVyEf8Q
uyzTCFDprg4
6XEBe1hvN3A
uVZbvW6kgBw
1VPfZ_XzisU
Ses25QbQLBU
uotUhhEMFt4
vb4ZB-zrfgw
tsLEf1Uwb5o
HMgQUktf3a4
YM5KG87vhlA
Hzt843k8iYA
kleYwViHMO8
SZpvBWQGWa0
uwewRUcVKnQ
KG4s6ufyRlY
px8M3W2Xgg8
9bFZRZuq_yI
Qm-cOVGNfH0
bbilEH4wcMk
9fHseYauAM0
DylbtRqj2rk
11lwuut8Qco
HTXVciyISXk
STJP03OoA4g
eLEo4OQ-cuQ
GRV4jlarsJI
y7MHp09cQ7s
FE9ko2wtyeQ
B0nw36nmc0w
5GuHM7AnCg4
BevY6NeMYtM
8voy8L_4kJ8
wTkQwV3KGL4
7i2xGpmi7wM
d4h-o-rUesU
eKhg-dNhDsA
vQCpsatpTDw
qNFsfiieEcE
h7R4gQOQMH4
MCqbtj9ol9g
n-kJVJB3pyE
bSaF-JBEmIk
wUO8VofXJeM
E2IWfF7QDng
TIRMtNOytRI
r_bwv-nN6vc
YebKnMeu8BI
IVE4Zef9jqA
R1nxM3YF1iQ
EiUUFdUFyIU
tx8xS_tdlRY
EIRmEG50jK8
htk3uTGP4F0
9Sy-H0K05EI
Sz86ICkmfeY
B482pjQJqoc
Q3aBTJIanDo
rnxwMpJQoCE
3X6_CKwXtfA
1Gn5r8wVWgU
ZLiHa9PorXc
Utn5gRqwKiE
UxCY9BcbhPU
WLIObadp5dA
e5AvhKPtPCU
SIsq7Z7xSOk
AEc6DVcJJlM
3JoDLcWVasU
jqcbr-94i5Y
2wG_Dl0q-7o
XddEXUgp-uM
7aU9oyyrxbg
zcEl4_XP4fs
Af5GdxeIh-8
-spo9m5wlIw
sqe39So2aRw
0Iu8Yla1FTU
QxKyJQ34L3o
NfMtONBK8dY
7D_su5nT-n4
rEf4JJWTAh8
CQs3_FKA_oc
_1JYZgmQGRs
uusGtvhQlXk
f4wD8Au5MzA
DcKy4-U5A58
70Z703Opdw4
RRoeCEyrQdw
0UnFN7yyMaA
04g3h7044XE
wAkoLTCpiHI
ntCoQEh5GRg
5aHlR_TyyhQ
45U7DlrneDw
Q4mLKRCL2z8
uSCF6JNW4oE
jHLfMXvQqX8
yagXibrWwQc
SDohKBfA83g
yTLk4rOwwEk
VgPw8yF5Vno
P84lpJi6urc
KXLXR0y5aOY
qNkweaSNyUA
0YAI0K3T-Yw
czB86T0-rQk
sOpMrVnjYeY
DPOVDObKFtk
SZaPdQaVk8Y
cqECNYmM23A
tlQQM_78UZY
Lh0x54GC1sw
sSDIBx1wjhQ
znWQ69QOqS0
UEn9NV5sPXM
0zhLhE5EwBA
nlCQG2rg4sw
LO55RKrKQXs
ApZxwSaB6Uc
jzKPgXyCNz0
oqXsezMVSog
RDP0gLehTDw
jEMuuU4I8b4
lgEE4kShSzA
F1eRv9v29gQ
8lhxIOAfDss
EcmJDTjF6Yo
F-RL3Tauszw
0E1QMwGxA9E
smnGd-_C6lw
EUSBSnFhj7s
BJ6zJuFiYbA
1I-lWhGm9bs
88Ohd4jCBtk
ttSDSPu_vQs
vVEh_tA1W5w
xrJYSlKiWAE
aVuBZXXXTNE
zWz4K-2FJj8
dMLLn1eqtKQ
yv1KkDBpXrk
EkepM6uTOv4
eSN6s39zQfM
tWFzffw0_sQ
MDP_Nh99tpo
LUo_RAMmtXA
rAy0Bmg2TiQ
RebEK5sdjFU
aSvSFMvYFfo
TiJn9D6lZ-Y
cjc-6oGcgFI
lxvN-twqBI0
cexj0y574sI
ecAzQDtamXY
bJbQ_yRFB-k
W4fQ1FytVUk
-2uiwvCdMkU
ThwuT3_AG6w
a8J3U-GNibg
ztxXZMnEHHw
33UMkPe93Ko
Oy8Kz25tqxM
oJWiqhMnGlQ
KVcHmrA4AGA
NXX0SEYjzjo
jv-daraEJu8
p84UNzrbz7M
miNPFiL219w
iE86owR9sWo
iXCn6VRQifM
s0BzAmFNi7E
8GVriWfN7Io
yd3H_gN9z4w
WorW5pS5tbY
Rt7uJJg-6p8
pl3VCVzbjEI
mEgSRsvROfM
R6k26siXuBc
GtLzErRhMA4
emKnnhJ3giE
uyZ2pjFvzdE
OHTLcbw0kbQ
v9p-AKyOrag
gelvUMHnH1k
xzimLFn-8B8
3IT8ZeQ9I7U
46DasXi2_Rk
EK32jo7i5LQ
r__GZ7ubU0M
LGYqOP6wExE
yNKaF9xbAxk
WeDLapcIyjE
c63DkvDFhHo
Z-yQ7AuLHUg
tn7U7naQaBc
eMJbccpFMe4
AJwqJSWqakg
0UZ8fiBOhzs
dOVDh-FB38c
_K8pt8rmCtw
GTMEiiH9eP0
GSNpabEVJMc
Eldywk__eag
yQefEOD-RVw
kWEi6Z--YCo
1MVFW5HJ0_E
dJthuS2k9M0
FxTPRhENd-0
8d-uKOQUwhM
SbK3Uzxkd9g
o2hSwPrRkwQ
oqHq1Iv1CkE
ZOwxXbHT1kE
9W0Vxa6eqjA
wO1Oyem5uQg
tfNw2tk6rwc
CCVkgw_o9cA
2eInjsmzIKk
FMfnc6xri68
oDjYYaV_Y10
gOKEIbfF4XQ
U6E4hGLkiN4
u6wFSq2Ayd0
KKmtqk90xdA
EYnWeAu7tK4
LIxATYAG1eY
QkC9ZiRcPbo
VSD2ne9S7J8
kUw7ZcdnlfQ
H9tCvChd7Hc
YuvxhGN1RrA
Ywb-nW0FsGw
psmwL_g6Zrs
72WljlhoLbU
pWgCqidDSvQ
5iPH-br_eJQ
M4-L8UgPkOk
5kph0vDF2RU
ogCtU6PBMKQ
02U7GbDh9qs
f4dCyPvpMio
VFNaom8hkHM
-dfgrdUKcVo
Vi3cNakmQ8M
C8JyvzU0CXU
F9Il2Q0mCDI
eBW0L5cRc0c
O_ykWWQL5mo
FMYNaEboXMk
VoYP2mch_ZQ
vYZXdrJrwQ4
Va5T2KcYiOw
cVen6tQgBfI
JUJTTEt6wKk
uTRDNNM7iLA
IoNe7QMumaM
VUFMm3ZynAs
RLTa1RMrxK8
5AUypv5BNbI
G8K67TF9g6A
T0r28sOQKjo
dB6Q3REyeD0
Usf9F7uTGh4
8kJlWCg-k7s
FmREsyszAac
BkRcsWLZ8Fg
JapEoL9FfSI
3ApfBENuzFM
Bt2jZtkiwwY
AvMtKo9f9Fw
y5d5yn-e_pc
hxVukfCPU0k
4v_keMNROv4
u_RKMpqX7SE
MZnlL8uCCU0
KBiFTitPdhE
E3eItFpHye8
skjwZdr5HiY
d4yRn4UH2-0
LyKe5E-B5AM
yA71KGXx12k
ce-hO_J6PNc
JpWO2FL0dSs
u3Ldg-N3YCw
U07PHtTdR3Q
NoChroQIA10
1wIwTRyNC-M
VL5UzJfaLwI
v_8MGAGWwzU
bH9TqJtMmT8
w3kTaCDlg5Q
-6lZL-HheLU
NT1efPoZ0wc
oUbB7uIRMsM
qEa_qDUj6Mw
4tKfy_Upgtg
6Obhd4CdXas
tgYyE7OAn5M
5oHbqeLDlLY
0uQbPFUirUM
I5luuJu1VsY
06zdYdIrVkk
gQddtTdmG_8
9cViVoFUpqA
PfKoBXbDQ10
fRN4jawPjBw
bgA9G3F1OPA
aIs0vrHkZvM
PrMNEIw7wR0
XO4o0OL_c1I
P1NqRK8ZAkc
V5oj6K-365s
QBh8BqTnkwQ
_DfQtbYT7Jw
uhp43wr-DiA
cn3MM3nlZRo
-PWMQR59M68
8GmdtXWq9Dk
B3YIeJyoGz0
7bsuXsxX950
5Q_6--XsIgA
bDHo-0loaiA
XE3HJZRQ230
b34al8YmQSA
dvovtbLGaUw
HauiF_AQUIY
VGJLKhsLx18
bRFifzL-ms4
zzdcND8RjpE
xesv7RIIHRk
jNGGGh_3D7U
7NQTJDHqxxE
gXfWchLYurA
fzBRYsiyxjI
zDujFhvgUzI
LLO9WxVO9s8
IJ-7H5GCNp0
j8umNI8gtlA
lEnE6IhSKoU
UYqMnOGv84Y
8GCzV7JUXIM
JXVnTDtm1s0
5qwi5yW_cpk
_ZbjjZNOgBo
rGXq7leoMFc
VMycOhwjhQg
9VspveUvCg0
g6KGDvI4VdY
tL-YfTc5Awg
P_maZiPs2qc
oqgsZ7mNsWk
7M7lQyZuxL8
yhqed_I5Yq4
U9wRFqafu-g
mBSHLPhbsLs
UaH6Ah9R1Mw
rCcyfR9GblQ
oOR6QFk9zeA
-Elq8f0X1g8
WXk8LcaP4hA
lcgT9uIxAEU
bk9KOXXM39I
GX4fXGlX_v8
2b70HeGkogs
-WuHkW9XPfc
gXbdJQKhNsY
XbSY4C_9VKo
oTqX6a8m_Tg
W3LYQvTyK1E
TlLPox-11VQ
EeTrW2w5Iyw
h8qArp3NFUo
sFdQeDSQs8E
mDFxtNzn4d8
hjJMzsoP8GA
tc76hJg6g30
__Rv9DroypM
n8S2baBNMtg
A3TJx3zAMrM
uIDM8eeJnv4
J87F1sOMUcU
xmahFBpHoHc
ZR3xQ7ouPew
iNqqOLscOBY
-dvT6SWdWUk
hm9XvPWtZ6Q
4Mz1vUiaQZc
gYXtExiXgIU
Hsb_ShC-yyQ
f9uZ0REjIjo
tt24Ubcgz2I
yppge-XoWLM
5oZV0Zhi-tk
qh7l84ssuTM
zqcoPrvXSqg
zq_Dx_ED0J8
Q9J26vBaMMY
HbPnZsoLHyA
lfAhup-fDYs
eHZHlbdOp9s
vgks_1Gml7k
liniXxu3mIg
P7SD0AZJiJ0
R_JtYexMLWc
FGdujW2JSxI
m-nQ1-G1JMU
z6RwuRZPeHc
kxvQ3Wyw2M4
F0UjC6wfqmc
zVkfEV9ANSk
cp372wDBSvo
gkJxIj9bUYQ
xz23ubZ6e0I
uq74bEO0NOk
Fv1JJ227CQk
m4ErHic6gcA
RbcGkpwnUSc
KToAoxrAl10
WlmZQwX8zIo
9GV4QmQWJGU
DG5j1HsWAOg
YCJ_i3Ll6SA
2kOZYqZ-SYg
j6m9Iodx_l0
YgZRuf76jb8
D9ctUJ9uqaE
c2kPkqVRLIo
87Gd_E_TNCI
uTxRF5ag27A
1nkhelaMaIA
SHg8c-6xKNI
LeqETh_bd0s
B2M59EXy1Xg
IILzgi4v9sg
MV_P4buYnv4
33ZNQpW-fr4
G5zCGY0tkq8
LlZWqkCMdfk
ez5YbJmxcds
f1lKuLi7yLk
IwHhlQk3NlU
6gO7U1O65SY
r7AzRp9bYp4
ZQds2aGHwDA
Ygmg5WJwYTc
fjIhFzTUB9I
q0zbFRPL9LA
0kRiCA2Z1cY
w2E2Ni1YS1Q
uDgENBsymQk
udFxKZRyQt4
I8iLR2xRNKY
mxWdH_iCat0
oBY_WRI3b-s
pnWkj6Caelc
5An1sNznblQ
PosRteenGvQ
LhTSD7a013I
pIDuv0Ta0XQ
CkwAkOUvm2w
uiQWSZF9ktg
gn1M6wSXDn0
H0HxAcQS7Mo
wKm2onP0lXU
kOfXwml6ce4
OPW1cDC_jT8
Dnj0rnlV2aA
U5IeQ2ouN3M
AfSSZDfulRE
smK9dgdTl40
uom9TsRWrNM
8Xl4N7TtkrU
ErPRCFxJ93I
LI69afSwmCo
D_8JoUy1XoU
bxpc9Pp5pZM
GeMKb0R3Ul4
R29PmH9eGKM
4dJHmd3JuyA
lVsZD2wF1vw
5vYua8gtwM4
PCuyCJocJWg
T_HAivmVOXM
bQnnBU-ZbOo
CdX25qpedKI
eYvtdPMd7VY
4Ei7MQjRK0U
9OmE4jEVIfQ
8fkN2faDFg0
Qt4lliKBjRw
3r2OOUc0AxA
qT7AHJMKON0
LfRHpEY62r0
eR99-PDZqTg
1soLVufJWLU
qdpxt7BecZE
nLs2X9NSb_Q
rMuwPLzPHKY
cEKKwz0-ufQ
wwRCVBmqU6U
J160xs0UCfo
dqwpQarrDwk
wcoGEY-tL8c
